---
source: src/lib.rs
expression: image_data
extension: png
snapshot_kind: binary
---
